  4000/100398  valid=3893 miss=107
  8000/100398  valid=7803 miss=197
  10000/100398  valid=9756 miss=244
  12000/100398  valid=11690 miss=310
  14000/100398  valid=13643 miss=357
  16000/100398  valid=15588 miss=412
  18000/100398  valid=17530 miss=470
  20000/100398  valid=19468 miss=532
  22000/100398  valid=21415 miss=585
  24000/100398  valid=23360 miss=640
  26000/100398  valid=25306 miss=694
  28000/100398  valid=27251 miss=749
  30000/100398  valid=29201 miss=799
  32000/100398  valid=31156 miss=844
  34000/100398  valid=33100 miss=900
  36000/100398  valid=35050 miss=950
  38000/100398  valid=36999 miss=1001
  40000/100398  valid=38934 miss=1066
  42000/100398  valid=40887 miss=1113
  44000/100398  valid=42833 miss=1167
  46000/100398  valid=44768 miss=1232
  48000/100398  valid=46721 miss=1279
  50000/100398  valid=48667 miss=1333
  52000/100398  valid=50621 miss=1379
  54000/100398  valid=52572 miss=1428
  56000/100398  valid=54532 miss=1468
  58000/100398  valid=56482 miss=1518
  60000/100398  valid=58426 miss=1574
  62000/100398  valid=60369 miss=1631
  64000/100398  valid=62307 miss=1693
  66000/100398  valid=64253 miss=1747
  68000/100398  valid=66209 miss=1791
  70000/100398  valid=68142 miss=1858
  72000/100398  valid=70098 miss=1902
  74000/100398  valid=72044 miss=1956
  76000/100398  valid=73996 miss=2004
  78000/100398  valid=75948 miss=2052
  80000/100398  valid=77905 miss=2095
  82000/100398  valid=79859 miss=2141
  84000/100398  valid=81822 miss=2178
  86000/100398  valid=83780 miss=2220
  88000/100398  valid=85727 miss=2273
  90000/100398  valid=87688 miss=2312
  92000/100398  valid=89626 miss=2374
  94000/100398  valid=91566 miss=2434
  96000/100398  valid=93519 miss=2481
  98000/100398  valid=95466 miss=2534
  100000/100398  valid=97428 miss=2572
{
  "processed": 100398,
  "valid": 97820,
  "missing_or_short": 2578,
  "no_parquet": 2578,
  "params": {
    "OBS_S": 2.0,
    "FUT_S": 3.0,
    "STRIDE_S": 2.5
  },
  "ade": {
    "mean": 2.3691592813393063,
    "p50": 2.1602966987767234,
    "p90": 4.346291639022808,
    "max": 19.123297731659637
  },
  "fde": {
    "mean": 5.268016402234743,
    "p50": 4.816849637791675,
    "p90": 9.664259854934189
  },
  "note": "CV 베이스라인 예측난이도. 큰 값 = 복잡 기동. 단위=egomotion 위치(추정 m)."
}
