/Data1/home/bskang/AVdata-distirbution/.venv/lib/python3.12/site-packages/sklearn/neural_network/_multilayer_perceptron.py:785: ConvergenceWarning: Stochastic Optimizer: Maximum iterations (60) reached and the optimization hasn't converged yet.
  warnings.warn(
/Data1/home/bskang/AVdata-distirbution/.venv/lib/python3.12/site-packages/sklearn/neural_network/_multilayer_perceptron.py:785: ConvergenceWarning: Stochastic Optimizer: Maximum iterations (60) reached and the optimization hasn't converged yet.
  warnings.warn(
/Data1/home/bskang/AVdata-distirbution/.venv/lib/python3.12/site-packages/sklearn/neural_network/_multilayer_perceptron.py:785: ConvergenceWarning: Stochastic Optimizer: Maximum iterations (60) reached and the optimization hasn't converged yet.
  warnings.warn(
/Data1/home/bskang/AVdata-distirbution/.venv/lib/python3.12/site-packages/sklearn/neural_network/_multilayer_perceptron.py:785: ConvergenceWarning: Stochastic Optimizer: Maximum iterations (60) reached and the optimization hasn't converged yet.
  warnings.warn(
/Data1/home/bskang/AVdata-distirbution/.venv/lib/python3.12/site-packages/sklearn/neural_network/_multilayer_perceptron.py:785: ConvergenceWarning: Stochastic Optimizer: Maximum iterations (60) reached and the optimization hasn't converged yet.
  warnings.warn(
/Data1/home/bskang/AVdata-distirbution/.venv/lib/python3.12/site-packages/sklearn/neural_network/_multilayer_perceptron.py:785: ConvergenceWarning: Stochastic Optimizer: Maximum iterations (60) reached and the optimization hasn't converged yet.
  warnings.warn(
features: kinematics6+emb_pca16=22  seeds=[0, 1, 2, 3, 4]
tail sizes: adverse=3228 kinematic=3913

[adverse] baseline_tail=0.916 budget=800 cand=9684
    random           recover +0.0042 ± 0.0117  tail_picked=26%
    diversity_only   recover -0.0012 ± 0.0089  tail_picked=22%
    guided           recover -0.0014 ± 0.0166  tail_picked=55%
    uncertainty_only recover -0.0028 ± 0.0152  tail_picked=18%
    coverage_only    recover -0.0031 ± 0.0148  tail_picked=56%
    순위: random > diversity_only > guided > uncertainty_only > coverage_only  | G4=False (1σ유의=False)

[kinematic] baseline_tail=0.984 budget=800 cand=11740
    diversity_only   recover +0.0598 ± 0.0148  tail_picked=33%
    coverage_only    recover +0.0592 ± 0.0300  tail_picked=50%
    random           recover +0.0437 ± 0.0274  tail_picked=25%
    uncertainty_only recover +0.0185 ± 0.0190  tail_picked=29%
    guided           recover +0.0074 ± 0.0189  tail_picked=23%
    순위: diversity_only > coverage_only > random > uncertainty_only > guided  | G4=False (1σ유의=False)

=== 요약 ===
  adverse    random > diversity_only > guided > uncertainty_only > coverage_only  G4=False 1σ=False
  kinematic  diversity_only > coverage_only > random > uncertainty_only > guided  G4=False 1σ=False
