/Data1/home/bskang/AVdata-distirbution/.venv/lib/python3.12/site-packages/sklearn/neural_network/_multilayer_perceptron.py:785: ConvergenceWarning: Stochastic Optimizer: Maximum iterations (60) reached and the optimization hasn't converged yet.
  warnings.warn(
/Data1/home/bskang/AVdata-distirbution/.venv/lib/python3.12/site-packages/sklearn/neural_network/_multilayer_perceptron.py:785: ConvergenceWarning: Stochastic Optimizer: Maximum iterations (60) reached and the optimization hasn't converged yet.
  warnings.warn(
/Data1/home/bskang/AVdata-distirbution/.venv/lib/python3.12/site-packages/sklearn/neural_network/_multilayer_perceptron.py:785: ConvergenceWarning: Stochastic Optimizer: Maximum iterations (60) reached and the optimization hasn't converged yet.
  warnings.warn(
/Data1/home/bskang/AVdata-distirbution/.venv/lib/python3.12/site-packages/sklearn/neural_network/_multilayer_perceptron.py:785: ConvergenceWarning: Stochastic Optimizer: Maximum iterations (60) reached and the optimization hasn't converged yet.
  warnings.warn(
/Data1/home/bskang/AVdata-distirbution/.venv/lib/python3.12/site-packages/sklearn/neural_network/_multilayer_perceptron.py:785: ConvergenceWarning: Stochastic Optimizer: Maximum iterations (60) reached and the optimization hasn't converged yet.
  warnings.warn(
/Data1/home/bskang/AVdata-distirbution/.venv/lib/python3.12/site-packages/sklearn/neural_network/_multilayer_perceptron.py:785: ConvergenceWarning: Stochastic Optimizer: Maximum iterations (60) reached and the optimization hasn't converged yet.
  warnings.warn(
features: kinematics6+emb_pca16=22  seeds=[0, 1, 2]
tail sizes: adverse=3228 kinematic=3913

[adverse] baseline_tail=0.901 budget=800 cand=2421
    random           recover +0.0146 ± 0.0215
    uncertainty_only recover +0.0044 ± 0.0207
    guided           recover +0.0036 ± 0.0189
    coverage_only    recover -0.0005 ± 0.0184
    diversity_only   recover -0.0127 ± 0.0282
    순위: random > uncertainty_only > guided > coverage_only > diversity_only  | G4=True (1σ유의=False)

[kinematic] baseline_tail=0.949 budget=800 cand=2935
    guided           recover +0.0900 ± 0.0739
    diversity_only   recover +0.0836 ± 0.0678
    coverage_only    recover +0.0827 ± 0.0625
    random           recover +0.0732 ± 0.0774
    uncertainty_only recover +0.0622 ± 0.0607
    순위: guided > diversity_only > coverage_only > random > uncertainty_only  | G4=True (1σ유의=False)

=== 요약 ===
  adverse    random > uncertainty_only > guided > coverage_only > diversity_only  G4=True 1σ=False
  kinematic  guided > diversity_only > coverage_only > random > uncertainty_only  G4=True 1σ=False
